Release 14.7 - xst P.20131013 (nt64)
Copyright (c) 1995-2013 Xilinx, Inc.  All rights reserved.
--> Parameter TMPDIR set to xst/projnav.tmp


Total REAL time to Xst completion: 1.00 secs
Total CPU time to Xst completion: 0.47 secs
 
--> Parameter xsthdpdir set to xst


Total REAL time to Xst completion: 1.00 secs
Total CPU time to Xst completion: 0.48 secs
 
--> Reading design: TestBench.prj

TABLE OF CONTENTS
  1) Synthesis Options Summary
  2) HDL Parsing
  3) HDL Elaboration
  4) HDL Synthesis
       4.1) HDL Synthesis Report
  5) Advanced HDL Synthesis
       5.1) Advanced HDL Synthesis Report
  6) Low Level Synthesis
  7) Partition Report
  8) Design Summary
       8.1) Primitive and Black Box Usage
       8.2) Device utilization summary
       8.3) Partition Resource Summary
       8.4) Timing Report
            8.4.1) Clock Information
            8.4.2) Asynchronous Control Signals Information
            8.4.3) Timing Summary
            8.4.4) Timing Details
            8.4.5) Cross Clock Domains Report


=========================================================================
*                      Synthesis Options Summary                        *
=========================================================================
---- Source Parameters
Input File Name                    : "TestBench.prj"
Ignore Synthesis Constraint File   : NO

---- Target Parameters
Output File Name                   : "TestBench"
Output Format                      : NGC
Target Device                      : xc7a100t-3-csg324

---- Source Options
Top Module Name                    : TestBench
Automatic FSM Extraction           : YES
FSM Encoding Algorithm             : Auto
Safe Implementation                : No
FSM Style                          : LUT
RAM Extraction                     : Yes
RAM Style                          : Auto
ROM Extraction                     : Yes
Shift Register Extraction          : YES
ROM Style                          : Auto
Resource Sharing                   : YES
Asynchronous To Synchronous        : NO
Shift Register Minimum Size        : 2
Use DSP Block                      : Auto
Automatic Register Balancing       : No

---- Target Options
LUT Combining                      : Auto
Reduce Control Sets                : Auto
Add IO Buffers                     : YES
Global Maximum Fanout              : 100000
Add Generic Clock Buffer(BUFG)     : 32
Register Duplication               : YES
Optimize Instantiated Primitives   : NO
Use Clock Enable                   : Auto
Use Synchronous Set                : Auto
Use Synchronous Reset              : Auto
Pack IO Registers into IOBs        : Auto
Equivalent register Removal        : YES

---- General Options
Optimization Goal                  : Speed
Optimization Effort                : 1
Power Reduction                    : NO
Keep Hierarchy                     : No
Netlist Hierarchy                  : As_Optimized
RTL Output                         : Yes
Global Optimization                : AllClockNets
Read Cores                         : YES
Write Timing Constraints           : NO
Cross Clock Analysis               : NO
Hierarchy Separator                : /
Bus Delimiter                      : <>
Case Specifier                     : Maintain
Slice Utilization Ratio            : 100
BRAM Utilization Ratio             : 100
DSP48 Utilization Ratio            : 100
Auto BRAM Packing                  : NO
Slice Utilization Ratio Delta      : 5

=========================================================================


=========================================================================
*                          HDL Parsing                                  *
=========================================================================
Analyzing Verilog file "D:\verilog\Simple_Single_CPU\Sign_Extend.v" into library work
Parsing module <Sign_Extend>.
WARNING:HDLCompiler:568 - "D:\verilog\Simple_Single_CPU\Sign_Extend.v" Line 26: Constant value is truncated to fit in <4> bits.
Analyzing Verilog file "D:\verilog\Simple_Single_CPU\Shift_Left_Two_32.v" into library work
Parsing module <Shift_Left_Two_32>.
Analyzing Verilog file "D:\verilog\Simple_Single_CPU\Reg_File.v" into library work
Parsing module <Reg_File>.
Analyzing Verilog file "D:\verilog\Simple_Single_CPU\ProgramCounter.v" into library work
Parsing module <ProgramCounter>.
Analyzing Verilog file "D:\verilog\Simple_Single_CPU\MUX_2to1.v" into library work
Parsing module <MUX_2to1>.
Analyzing Verilog file "D:\verilog\Simple_Single_CPU\Instr_Memory.v" into library work
Parsing module <Instr_Memory>.
Analyzing Verilog file "D:\verilog\Simple_Single_CPU\Decoder.v" into library work
Parsing module <Decoder>.
Analyzing Verilog file "D:\verilog\Simple_Single_CPU\ALU_Ctrl.v" into library work
Parsing module <ALU_Ctrl>.
Analyzing Verilog file "D:\verilog\Simple_Single_CPU\ALU.v" into library work
Parsing module <ALU>.
Analyzing Verilog file "D:\verilog\Simple_Single_CPU\Adder.v" into library work
Parsing module <Adder>.
Analyzing Verilog file "D:\verilog\Simple_Single_CPU\Simple_Single_CPU.v" into library work
Parsing module <Simple_Single_CPU>.
Analyzing Verilog file "D:\verilog\Simple_Single_CPU\Test_Bench.v" into library work
Parsing module <TestBench>.

=========================================================================
*                            HDL Elaboration                            *
=========================================================================

Elaborating module <TestBench>.
WARNING:HDLCompiler:817 - "D:\verilog\Simple_Single_CPU\Test_Bench.v" Line 39: System task fclose ignored for synthesis
WARNING:HDLCompiler:872 - "D:\verilog\Simple_Single_CPU\Test_Bench.v" Line 32: Using initial value of RST since it is never assigned

Elaborating module <Simple_Single_CPU>.

Elaborating module <ProgramCounter>.

Elaborating module <Adder>.

Elaborating module <Instr_Memory>.
Reading initialization file \"CO_P2_test_data1.txt\".
WARNING:HDLCompiler:1670 - "D:\verilog\Simple_Single_CPU\Instr_Memory.v" Line 39: Signal <Instr_Mem> in initial block is partially initialized.
WARNING:HDLCompiler:91 - "D:\verilog\Simple_Single_CPU\Instr_Memory.v" Line 32: Signal <Instr_Mem> missing in the sensitivity list is added for synthesis purposes. HDL and post-synthesis simulations may differ as a result.

Elaborating module <MUX_2to1(size=5)>.
WARNING:HDLCompiler:91 - "D:\verilog\Simple_Single_CPU\MUX_2to1.v" Line 31: Signal <data0_i> missing in the sensitivity list is added for synthesis purposes. HDL and post-synthesis simulations may differ as a result.
WARNING:HDLCompiler:91 - "D:\verilog\Simple_Single_CPU\MUX_2to1.v" Line 33: Signal <data1_i> missing in the sensitivity list is added for synthesis purposes. HDL and post-synthesis simulations may differ as a result.

Elaborating module <Reg_File>.
WARNING:HDLCompiler:462 - "D:\verilog\Simple_Single_CPU\Reg_File.v" Line 46: if-condition does not match any sensitivity list edge
WARNING:HDLCompiler:462 - "D:\verilog\Simple_Single_CPU\Reg_File.v" Line 57: if-condition does not match any sensitivity list edge
WARNING:HDLCompiler:91 - "D:\verilog\Simple_Single_CPU\Reg_File.v" Line 58: Signal <RDdata_i> missing in the sensitivity list is added for synthesis purposes. HDL and post-synthesis simulations may differ as a result.
WARNING:HDLCompiler:91 - "D:\verilog\Simple_Single_CPU\Reg_File.v" Line 60: Signal <Reg_File> missing in the sensitivity list is added for synthesis purposes. HDL and post-synthesis simulations may differ as a result.
ERROR:HDLCompiler:1128 - "D:\verilog\Simple_Single_CPU\Reg_File.v" Line 60: Assignment under multiple single edges is not supported for synthesis
INFO - You can change the severity of this error message to warning using switch -change_error_to_warning "HDLCompiler:1128"
Module Reg_File remains a blackbox, due to errors in its contents
WARNING:HDLCompiler:1499 - "D:\verilog\Simple_Single_CPU\Reg_File.v" Line 11: Empty module <Reg_File> remains a black box.

Elaborating module <Decoder>.
WARNING:HDLCompiler:1127 - "D:\verilog\Simple_Single_CPU\Simple_Single_CPU.v" Line 70: Assignment to regdst_out ignored, since the identifier is never used

Elaborating module <ALU_Ctrl>.

Elaborating module <Sign_Extend>.

Elaborating module <MUX_2to1(size=32)>.
WARNING:HDLCompiler:91 - "D:\verilog\Simple_Single_CPU\MUX_2to1.v" Line 31: Signal <data0_i> missing in the sensitivity list is added for synthesis purposes. HDL and post-synthesis simulations may differ as a result.
WARNING:HDLCompiler:91 - "D:\verilog\Simple_Single_CPU\MUX_2to1.v" Line 33: Signal <data1_i> missing in the sensitivity list is added for synthesis purposes. HDL and post-synthesis simulations may differ as a result.

Elaborating module <ALU>.
WARNING:HDLCompiler:91 - "D:\verilog\Simple_Single_CPU\ALU.v" Line 41: Signal <src1_i> missing in the sensitivity list is added for synthesis purposes. HDL and post-synthesis simulations may differ as a result.
WARNING:HDLCompiler:91 - "D:\verilog\Simple_Single_CPU\ALU.v" Line 42: Signal <src1_i> missing in the sensitivity list is added for synthesis purposes. HDL and post-synthesis simulations may differ as a result.
WARNING:HDLCompiler:91 - "D:\verilog\Simple_Single_CPU\ALU.v" Line 43: Signal <src1_i> missing in the sensitivity list is added for synthesis purposes. HDL and post-synthesis simulations may differ as a result.
WARNING:HDLCompiler:91 - "D:\verilog\Simple_Single_CPU\ALU.v" Line 44: Signal <src1_i> missing in the sensitivity list is added for synthesis purposes. HDL and post-synthesis simulations may differ as a result.
WARNING:HDLCompiler:91 - "D:\verilog\Simple_Single_CPU\ALU.v" Line 45: Signal <src1_i> missing in the sensitivity list is added for synthesis purposes. HDL and post-synthesis simulations may differ as a result.
WARNING:HDLCompiler:91 - "D:\verilog\Simple_Single_CPU\ALU.v" Line 46: Signal <src1_i> missing in the sensitivity list is added for synthesis purposes. HDL and post-synthesis simulations may differ as a result.
WARNING:HDLCompiler:91 - "D:\verilog\Simple_Single_CPU\ALU.v" Line 47: Signal <src1_i> missing in the sensitivity list is added for synthesis purposes. HDL and post-synthesis simulations may differ as a result.
WARNING:HDLCompiler:91 - "D:\verilog\Simple_Single_CPU\ALU.v" Line 48: Signal <src1_i> missing in the sensitivity list is added for synthesis purposes. HDL and post-synthesis simulations may differ as a result.
WARNING:HDLCompiler:91 - "D:\verilog\Simple_Single_CPU\ALU.v" Line 49: Signal <src1_i> missing in the sensitivity list is added for synthesis purposes. HDL and post-synthesis simulations may differ as a result.
WARNING:HDLCompiler:91 - "D:\verilog\Simple_Single_CPU\ALU.v" Line 50: Signal <src1_i> missing in the sensitivity list is added for synthesis purposes. HDL and post-synthesis simulations may differ as a result.
WARNING:HDLCompiler:91 - "D:\verilog\Simple_Single_CPU\ALU.v" Line 51: Signal <src1_i> missing in the sensitivity list is added for synthesis purposes. HDL and post-synthesis simulations may differ as a result.
WARNING:HDLCompiler:1127 - "D:\verilog\Simple_Single_CPU\Simple_Single_CPU.v" Line 97: Assignment to zero ignored, since the identifier is never used

Elaborating module <Shift_Left_Two_32>.
WARNING:HDLCompiler:634 - "D:\verilog\Simple_Single_CPU\Simple_Single_CPU.v" Line 19: Net <rd_select> does not have a driver.
WARNING:HDLCompiler:817 - "D:\verilog\Simple_Single_CPU\Test_Bench.v" Line 46: System task fdisplay ignored for synthesis
--> 

Total memory usage is 321932 kilobytes

Number of errors   :    1 (   0 filtered)
Number of warnings :   29 (   0 filtered)
Number of infos    :    0 (   0 filtered)

